Microchip MPLAB XC8 Compiler V2.10 ()

Linker command line:

-W-3 --edf=C:\Program Files (x86)\Microchip\xc8\v2.10\pic\dat\en_msgs.txt \
  -cs -h+dist/default/production\temporizador.X.production.sym \
  --cmf=dist/default/production\temporizador.X.production.cmf -z -Q16F1824 \
  -oC:\Users\Ericson\AppData\Local\Temp\sbq4.2 --defsym=__MPLAB_BUILD=1 \
  -Mdist/default/production/temporizador.X.production.map -E1 -ver=XC8 \
  --acfsm=1493 -ASTACK=02049h-020EFh -pstack=STACK -ACODE=00h-07FFhx2 \
  -ASTRCODE=00h-0FFFh -ASTRING=00h-0FFhx16 -ACONST=00h-0FFhx16 \
  -AENTRY=00h-0FFhx16 -ACOMMON=070h-07Fh -ABANK0=020h-06Fh \
  -ABANK1=0A0h-0EFh -ABANK2=0120h-016Fh -ABIGRAM=02000h-020EFh \
  -ARAM=020h-06Fh,0A0h-0EFh,0120h-016Fh \
  -AABS1=020h-07Fh,0A0h-0EFh,0120h-016Fh -ASFR0=00h-01Fh -ASFR1=080h-09Fh \
  -ASFR2=0100h-011Fh -ASFR3=0180h-01EFh -ASFR4=0200h-026Fh \
  -ASFR5=0280h-02EFh -ASFR6=0300h-036Fh -ASFR7=0380h-03EFh \
  -ASFR8=0400h-046Fh -ASFR9=0480h-04EFh -ASFR10=0500h-056Fh \
  -ASFR11=0580h-05EFh -ASFR12=0600h-066Fh -ASFR13=0680h-06EFh \
  -ASFR14=0700h-076Fh -ASFR15=0780h-07EFh -ASFR16=0800h-086Fh \
  -ASFR17=0880h-08EFh -ASFR18=0900h-096Fh -ASFR19=0980h-09EFh \
  -ASFR20=0A00h-0A6Fh -ASFR21=0A80h-0AEFh -ASFR22=0B00h-0B6Fh \
  -ASFR23=0B80h-0BEFh -ASFR24=0C00h-0C6Fh -ASFR25=0C80h-0CEFh \
  -ASFR26=0D00h-0D6Fh -ASFR27=0D80h-0DEFh -ASFR28=0E00h-0E6Fh \
  -ASFR29=0E80h-0EEFh -ASFR30=0F00h-0F6Fh -ASFR31=0F80h-0FEFh \
  -preset_vec=00h,intentry=04h,init,end_init -ppowerup=CODE -pcinit=CODE \
  -pfunctab=ENTRY -ACONFIG=08007h-08008h -pconfig=CONFIG -DCONFIG=2 \
  -AIDLOC=08000h-08003h -pidloc=IDLOC -DIDLOC=2 -AEEDATA=00h-0FFh/0F000h \
  -peeprom_data=EEDATA -DEEDATA=2 -DCODE=2 -DSTRCODE=2 -DSTRING=2 -DCONST=2 \
  -DENTRY=2 -k C:\Users\Ericson\AppData\Local\Temp\sbq4.o \
  dist/default/production\temporizador.X.production.o 

Object code version is 3.11

Machine type is 16F1824



                Name                               Link     Load   Length Selector   Space Scale
C:\Users\Ericson\AppData\Local\Temp\sbq4.o
                end_init                             38       38        2        8       0
                reset_vec                             0        0        2        0       0
                config                             8007     8007        2    1000E       0
dist/default/production\temporizador.X.production.o
                cinit                                3A       3A       18        8       0
                intentry                              4        4       34        8       0
                text26                              78B      78B       5F        8       0
                text25                              F53      F53       53     1EA6       0
                text24                              71F      71F       6C        8       0
                text23                              EC6      EC6       42     1D8C       0
                text22                              FA6      FA6       5A     1F4C       0
                text21                              D34      D34        7     1A68       0
                text20                              43B      43B      164        8       0
                text19                              D16      D16        6     1A2C       0
                text18                              D6D      D6D       1B     1ADA       0
                text17                              F08      F08       4B     1E10       0
                text16                              D42      D42        9     1A84       0
                text15                              D3B      D3B        7     1A76       0
                text14                              DFA      DFA       2A     1BF4       0
                text13                              D88      D88       26     1B10       0
                text12                              D1C      D1C        6     1A38       0
                text11                              59F      59F       F3        8       0
                text10                              D22      D22        6     1A44       0
                text9                               288      288      1B3        8       0
                text8                               DAE      DAE       26     1B5C       0
                text7                               DD4      DD4       26     1BA8       0
                text6                               692      692       8D        8       0
                text5                               D4B      D4B        D     1A96       0
                text4                               E89      E89       3D     1D12       0
                text3                               E55      E55       34     1CAA       0
                text2                               D58      D58       15     1AB0       0
                text1                                52       52      236        8       0
                maintext                            E24      E24       31     1C48       0
                cstackBANK0                          56       56       13       20       1
                cstackCOMMON                         70       70        D       70       1
                clrtext                             D28      D28        6     1A50       0
                inittext                            D2E      D2E        6     1A5C       0
                dataBANK0                            40       40       16       20       1
                bssBANK0                             20       20       20       20       1
                idataBANK0                          7EA      7EA       16        8       0

TOTAL           Name                               Link     Load   Length     Space
        CLASS   STACK          

        CLASS   CODE           
                end_init                             38       38        2         0
                cinit                                3A       3A       18         0
                intentry                              4        4       34         0
                reset_vec                             0        0        2         0
                text26                              78B      78B       5F         0
                text25                              F53      F53       53         0
                text24                              71F      71F       6C         0
                text23                              EC6      EC6       42         0
                text22                              FA6      FA6       5A         0
                text21                              D34      D34        7         0
                text20                              43B      43B      164         0
                text19                              D16      D16        6         0
                text18                              D6D      D6D       1B         0
                text17                              F08      F08       4B         0
                text16                              D42      D42        9         0
                text15                              D3B      D3B        7         0
                text14                              DFA      DFA       2A         0
                text13                              D88      D88       26         0
                text12                              D1C      D1C        6         0
                text11                              59F      59F       F3         0
                text10                              D22      D22        6         0
                text9                               288      288      1B3         0
                text8                               DAE      DAE       26         0
                text7                               DD4      DD4       26         0
                text6                               692      692       8D         0
                text5                               D4B      D4B        D         0
                text4                               E89      E89       3D         0
                text3                               E55      E55       34         0
                text2                               D58      D58       15         0
                text1                                52       52      236         0
                maintext                            E24      E24       31         0
                clrtext                             D28      D28        6         0
                inittext                            D2E      D2E        6         0
                idataBANK0                          7EA      7EA       16         0

        CLASS   STRCODE        

        CLASS   STRING         

        CLASS   CONST          

        CLASS   ENTRY          

        CLASS   COMMON         
                cstackCOMMON                         70       70        D         1

        CLASS   BANK0          
                cstackBANK0                          56       56       13         1
                dataBANK0                            40       40       16         1
                bssBANK0                             20       20       20         1

        CLASS   BANK1          

        CLASS   BANK2          

        CLASS   BIGRAM         

        CLASS   RAM            

        CLASS   ABS1           
                abs_s1                               7E       7E        2         1

        CLASS   SFR0           

        CLASS   SFR1           

        CLASS   SFR2           

        CLASS   SFR3           

        CLASS   SFR4           

        CLASS   SFR5           

        CLASS   SFR6           

        CLASS   SFR7           

        CLASS   SFR8           

        CLASS   SFR9           

        CLASS   SFR10          

        CLASS   SFR11          

        CLASS   SFR12          

        CLASS   SFR13          

        CLASS   SFR14          

        CLASS   SFR15          

        CLASS   SFR16          

        CLASS   SFR17          

        CLASS   SFR18          

        CLASS   SFR19          

        CLASS   SFR20          

        CLASS   SFR21          

        CLASS   SFR22          

        CLASS   SFR23          

        CLASS   SFR24          

        CLASS   SFR25          

        CLASS   SFR26          

        CLASS   SFR27          

        CLASS   SFR28          

        CLASS   SFR29          

        CLASS   SFR30          

        CLASS   SFR31          

        CLASS   CONFIG         
                config                             8007     8007        2         0

        CLASS   IDLOC          

        CLASS   EEDATA         

        CLASS   BANK31         

        CLASS   BANK30         

        CLASS   BANK29         

        CLASS   BANK28         

        CLASS   BANK27         

        CLASS   BANK26         

        CLASS   BANK25         

        CLASS   BANK24         

        CLASS   BANK23         

        CLASS   BANK22         

        CLASS   BANK21         

        CLASS   BANK20         

        CLASS   BANK19         

        CLASS   BANK18         

        CLASS   BANK17         

        CLASS   BANK16         

        CLASS   BANK15         

        CLASS   BANK14         

        CLASS   BANK13         

        CLASS   BANK12         

        CLASS   BANK11         

        CLASS   BANK10         

        CLASS   BANK9          

        CLASS   BANK8          

        CLASS   BANK7          

        CLASS   BANK6          

        CLASS   BANK5          

        CLASS   BANK4          

        CLASS   BANK3          



SEGMENTS        Name                           Load    Length   Top    Selector   Space  Class     Delta

                reset_vec                      000000  000002  000002         0       0  CODE        2
                intentry                       000004  0007FC  000800         8       0  CODE        2
                bssBANK0                       000020  000049  000069        20       1  BANK0       1
                cstackCOMMON                   000070  00000D  00007D        70       1  COMMON      1
                text19                         000D16  000006  000D1C      1A2C       0  CODE        2
                text12                         000D1C  000006  000D22      1A38       0  CODE        2
                text10                         000D22  000006  000D28      1A44       0  CODE        2
                clrtext                        000D28  000006  000D2E      1A50       0  CODE        2
                inittext                       000D2E  000006  000D34      1A5C       0  CODE        2
                text21                         000D34  000007  000D3B      1A68       0  CODE        2
                text15                         000D3B  000007  000D42      1A76       0  CODE        2
                text16                         000D42  000009  000D4B      1A84       0  CODE        2
                text5                          000D4B  00000D  000D58      1A96       0  CODE        2
                text2                          000D58  000015  000D6D      1AB0       0  CODE        2
                text18                         000D6D  00001B  000D88      1ADA       0  CODE        2
                text13                         000D88  000026  000DAE      1B10       0  CODE        2
                text8                          000DAE  000026  000DD4      1B5C       0  CODE        2
                text7                          000DD4  000026  000DFA      1BA8       0  CODE        2
                text14                         000DFA  00002A  000E24      1BF4       0  CODE        2
                maintext                       000E24  000031  000E55      1C48       0  CODE        2
                text3                          000E55  000034  000E89      1CAA       0  CODE        2
                text4                          000E89  00003D  000EC6      1D12       0  CODE        2
                text23                         000EC6  000042  000F08      1D8C       0  CODE        2
                text17                         000F08  00004B  000F53      1E10       0  CODE        2
                text25                         000F53  000053  000FA6      1EA6       0  CODE        2
                text22                         000FA6  00005A  001000      1F4C       0  CODE        2
                config                         008007  000002  008009     1000E       0  CONFIG      2


UNUSED ADDRESS RANGES

        Name                Unused          Largest block    Delta
        BANK0            00069-0006F               7           1
        BANK1            000A0-000EF              50           1
        BANK2            00120-0016F              50           1
        BIGRAM           02000-020EF              F0           1
        CODE             00002-00003               2           2
                         00800-00D15             516
        COMMON           0007D-0007D               1           1
        CONST            00002-00003               2           2
                         00800-00D15             100
        EEDATA           0F000-0F0FF             100           2
        ENTRY            00002-00003               2           2
                         00800-00D15             100
        IDLOC            08000-08003               4           2
        RAM              00069-0006F               7           1
                         000A0-000EF              50
                         00120-0016F              50
        SFR0             00000-0001F              20           1
        SFR1             00080-0009F              20           1
        SFR10            00500-0056F              70           1
        SFR11            00580-005EF              70           1
        SFR12            00600-0066F              70           1
        SFR13            00680-006EF              70           1
        SFR14            00700-0076F              70           1
        SFR15            00780-007EF              70           1
        SFR16            00800-0086F              70           1
        SFR17            00880-008EF              70           1
        SFR18            00900-0096F              70           1
        SFR19            00980-009EF              70           1
        SFR2             00100-0011F              20           1
        SFR20            00A00-00A6F              70           1
        SFR21            00A80-00AEF              70           1
        SFR22            00B00-00B6F              70           1
        SFR23            00B80-00BEF              70           1
        SFR24            00C00-00C6F              70           1
        SFR25            00C80-00CEF              70           1
        SFR26            00D00-00D6F              70           1
        SFR27            00D80-00DEF              70           1
        SFR28            00E00-00E6F              70           1
        SFR29            00E80-00EEF              70           1
        SFR3             00180-001EF              70           1
        SFR30            00F00-00F6F              70           1
        SFR31            00F80-00FEF              70           1
        SFR4             00200-0026F              70           1
        SFR5             00280-002EF              70           1
        SFR6             00300-0036F              70           1
        SFR7             00380-003EF              70           1
        SFR8             00400-0046F              70           1
        SFR9             00480-004EF              70           1
        STACK            02049-020EF              A7           1
        STRCODE          00002-00003               2           2
                         00800-00D15             516
        STRING           00002-00003               2           2
                         00800-00D15             100

                                  Symbol Table

?___awdiv                            cstackCOMMON 00071
?___awmod                            cstackCOMMON 00071
?___lwdiv                            cstackCOMMON 00077
?___lwmod                            cstackCOMMON 00071
?_input_pulsador_bajar               cstackCOMMON 00071
?_input_pulsador_ok                  cstackCOMMON 00071
?_input_pulsador_subir               cstackCOMMON 00071
_EEADR                               (abs)        00191
_EECON1                              (abs)        00195
_EECON1bits                          (abs)        00195
_EECON2                              (abs)        00196
_EEDATA                              (abs)        00193
_INTCONbits                          (abs)        0000B
_LATAbits                            (abs)        0010C
_LATCbits                            (abs)        0010E
_OPTION_REGbits                      (abs)        00095
_OSCCONbits                          (abs)        00099
_PORTAbits                           (abs)        0000C
_PORTCbits                           (abs)        0000E
_STATUSbits                          (abs)        00003
_TMR0                                (abs)        00015
_TRISAbits                           (abs)        0008C
_TRISCbits                           (abs)        0008E
__CFG_BOREN$OFF                      (abs)        00000
__CFG_BORV$LO                        (abs)        00000
__CFG_CLKOUTEN$OFF                   (abs)        00000
__CFG_CP$OFF                         (abs)        00000
__CFG_CPD$OFF                        (abs)        00000
__CFG_FCMEN$OFF                      (abs)        00000
__CFG_FOSC$INTOSC                    (abs)        00000
__CFG_IESO$ON                        (abs)        00000
__CFG_LVP$OFF                        (abs)        00000
__CFG_MCLRE$OFF                      (abs)        00000
__CFG_PLLEN$ON                       (abs)        00000
__CFG_PWRTE$ON                       (abs)        00000
__CFG_STVREN$OFF                     (abs)        00000
__CFG_WDTE$OFF                       (abs)        00000
__CFG_WRT$OFF                        (abs)        00000
__Habs1                              abs1         00000
__Hbank0                             bank0        00000
__Hbank1                             bank1        00000
__Hbank10                            bank10       00000
__Hbank11                            bank11       00000
__Hbank12                            bank12       00000
__Hbank13                            bank13       00000
__Hbank14                            bank14       00000
__Hbank15                            bank15       00000
__Hbank16                            bank16       00000
__Hbank17                            bank17       00000
__Hbank18                            bank18       00000
__Hbank19                            bank19       00000
__Hbank2                             bank2        00000
__Hbank20                            bank20       00000
__Hbank21                            bank21       00000
__Hbank22                            bank22       00000
__Hbank23                            bank23       00000
__Hbank24                            bank24       00000
__Hbank25                            bank25       00000
__Hbank26                            bank26       00000
__Hbank27                            bank27       00000
__Hbank28                            bank28       00000
__Hbank29                            bank29       00000
__Hbank3                             bank3        00000
__Hbank30                            bank30       00000
__Hbank31                            bank31       00000
__Hbank4                             bank4        00000
__Hbank5                             bank5        00000
__Hbank6                             bank6        00000
__Hbank7                             bank7        00000
__Hbank8                             bank8        00000
__Hbank9                             bank9        00000
__Hbigram                            bigram       00000
__HbssBANK0                          bssBANK0     00000
__Hcinit                             cinit        00052
__Hclrtext                           clrtext      00000
__Hcode                              code         00000
__Hcommon                            common       00000
__Hconfig                            config       08009
__HcstackBANK0                       cstackBANK0  00000
__HcstackCOMMON                      cstackCOMMON 00000
__HdataBANK0                         dataBANK0    00000
__Heeprom_data                       eeprom_data  00000
__Hend_init                          end_init     0003A
__Hfunctab                           functab      00000
__HidataBANK0                        idataBANK0   00000
__Hidloc                             idloc        00000
__Hinit                              init         00038
__Hinittext                          inittext     00000
__Hintentry                          intentry     00038
__Hmaintext                          maintext     00000
__Hpowerup                           powerup      00000
__Hram                               ram          00000
__Hreset_vec                         reset_vec    00002
__Hsfr0                              sfr0         00000
__Hsfr1                              sfr1         00000
__Hsfr10                             sfr10        00000
__Hsfr11                             sfr11        00000
__Hsfr12                             sfr12        00000
__Hsfr13                             sfr13        00000
__Hsfr14                             sfr14        00000
__Hsfr15                             sfr15        00000
__Hsfr16                             sfr16        00000
__Hsfr17                             sfr17        00000
__Hsfr18                             sfr18        00000
__Hsfr19                             sfr19        00000
__Hsfr2                              sfr2         00000
__Hsfr20                             sfr20        00000
__Hsfr21                             sfr21        00000
__Hsfr22                             sfr22        00000
__Hsfr23                             sfr23        00000
__Hsfr24                             sfr24        00000
__Hsfr25                             sfr25        00000
__Hsfr26                             sfr26        00000
__Hsfr27                             sfr27        00000
__Hsfr28                             sfr28        00000
__Hsfr29                             sfr29        00000
__Hsfr3                              sfr3         00000
__Hsfr30                             sfr30        00000
__Hsfr31                             sfr31        00000
__Hsfr4                              sfr4         00000
__Hsfr5                              sfr5         00000
__Hsfr6                              sfr6         00000
__Hsfr7                              sfr7         00000
__Hsfr8                              sfr8         00000
__Hsfr9                              sfr9         00000
__Hspace_0                           (abs)        08009
__Hspace_1                           (abs)        0007D
__Hspace_2                           (abs)        00000
__Hspace_3                           (abs)        00000
__Hstack                             stack        00000
__Hstrings                           strings      00000
__Htext                              text         00000
__Labs1                              abs1         00000
__Lbank0                             bank0        00000
__Lbank1                             bank1        00000
__Lbank10                            bank10       00000
__Lbank11                            bank11       00000
__Lbank12                            bank12       00000
__Lbank13                            bank13       00000
__Lbank14                            bank14       00000
__Lbank15                            bank15       00000
__Lbank16                            bank16       00000
__Lbank17                            bank17       00000
__Lbank18                            bank18       00000
__Lbank19                            bank19       00000
__Lbank2                             bank2        00000
__Lbank20                            bank20       00000
__Lbank21                            bank21       00000
__Lbank22                            bank22       00000
__Lbank23                            bank23       00000
__Lbank24                            bank24       00000
__Lbank25                            bank25       00000
__Lbank26                            bank26       00000
__Lbank27                            bank27       00000
__Lbank28                            bank28       00000
__Lbank29                            bank29       00000
__Lbank3                             bank3        00000
__Lbank30                            bank30       00000
__Lbank31                            bank31       00000
__Lbank4                             bank4        00000
__Lbank5                             bank5        00000
__Lbank6                             bank6        00000
__Lbank7                             bank7        00000
__Lbank8                             bank8        00000
__Lbank9                             bank9        00000
__Lbigram                            bigram       00000
__LbssBANK0                          bssBANK0     00000
__Lcinit                             cinit        0003A
__Lclrtext                           clrtext      00000
__Lcode                              code         00000
__Lcommon                            common       00000
__Lconfig                            config       08007
__LcstackBANK0                       cstackBANK0  00000
__LcstackCOMMON                      cstackCOMMON 00000
__LdataBANK0                         dataBANK0    00000
__Leeprom_data                       eeprom_data  00000
__Lend_init                          end_init     00038
__Lfunctab                           functab      00000
__LidataBANK0                        idataBANK0   00000
__Lidloc                             idloc        00000
__Linit                              init         00038
__Linittext                          inittext     00000
__Lintentry                          intentry     00004
__Lmaintext                          maintext     00000
__Lpowerup                           powerup      00000
__Lram                               ram          00000
__Lreset_vec                         reset_vec    00000
__Lsfr0                              sfr0         00000
__Lsfr1                              sfr1         00000
__Lsfr10                             sfr10        00000
__Lsfr11                             sfr11        00000
__Lsfr12                             sfr12        00000
__Lsfr13                             sfr13        00000
__Lsfr14                             sfr14        00000
__Lsfr15                             sfr15        00000
__Lsfr16                             sfr16        00000
__Lsfr17                             sfr17        00000
__Lsfr18                             sfr18        00000
__Lsfr19                             sfr19        00000
__Lsfr2                              sfr2         00000
__Lsfr20                             sfr20        00000
__Lsfr21                             sfr21        00000
__Lsfr22                             sfr22        00000
__Lsfr23                             sfr23        00000
__Lsfr24                             sfr24        00000
__Lsfr25                             sfr25        00000
__Lsfr26                             sfr26        00000
__Lsfr27                             sfr27        00000
__Lsfr28                             sfr28        00000
__Lsfr29                             sfr29        00000
__Lsfr3                              sfr3         00000
__Lsfr30                             sfr30        00000
__Lsfr31                             sfr31        00000
__Lsfr4                              sfr4         00000
__Lsfr5                              sfr5         00000
__Lsfr6                              sfr6         00000
__Lsfr7                              sfr7         00000
__Lsfr8                              sfr8         00000
__Lsfr9                              sfr9         00000
__Lspace_0                           (abs)        00000
__Lspace_1                           (abs)        00000
__Lspace_2                           (abs)        00000
__Lspace_3                           (abs)        00000
__Lstack                             stack        00000
__Lstrings                           strings      00000
__Ltext                              text         00000
__S0                                 (abs)        08009
__S1                                 (abs)        0007D
__S2                                 (abs)        00000
__S3                                 (abs)        00000
___awdiv                             text26       0078B
___awdiv@counter                     cstackCOMMON 00076
___awdiv@dividend                    cstackCOMMON 00073
___awdiv@divisor                     cstackCOMMON 00071
___awdiv@quotient                    cstackCOMMON 00078
___awdiv@sign                        cstackCOMMON 00077
___awmod                             text25       00F53
___awmod@counter                     cstackCOMMON 00076
___awmod@dividend                    cstackCOMMON 00073
___awmod@divisor                     cstackCOMMON 00071
___awmod@sign                        cstackCOMMON 00077
___digitos_1                         dataBANK0    0004B
___digitos_2                         dataBANK0    00040
___int_sp                            stack        00000
___latbits                           (abs)        00001
___lwdiv                             text4        00E89
___lwdiv@counter                     cstackBANK0  00058
___lwdiv@dividend                    cstackCOMMON 00079
___lwdiv@divisor                     cstackCOMMON 00077
___lwdiv@quotient                    cstackBANK0  00056
___lwmod                             text3        00E55
___lwmod@counter                     cstackCOMMON 00076
___lwmod@dividend                    cstackCOMMON 00073
___lwmod@divisor                     cstackCOMMON 00071
___max7219_write                     text23       00EC6
___max7219_write@address             cstackCOMMON 00071
___max7219_write@data                cstackCOMMON 00073
___max7219_write@dataSend            cstackCOMMON 00079
___max7219_write@i                   cstackCOMMON 0007B
___sp                                stack        00000
___stackhi                           (abs)        020EF
___stacklo                           (abs)        02049
__end_of___awdiv                     text26       007EA
__end_of___awmod                     text25       00FA6
__end_of___lwdiv                     text4        00EC6
__end_of___lwmod                     text3        00E89
__end_of___max7219_write             text23       00F08
__end_of__initialization             cinit        0004E
__end_of_display_init                text20       0059F
__end_of_eeprom_read                 text2        00D6D
__end_of_eeprom_write                text14       00E24
__end_of_input_config                text19       00D1C
__end_of_input_pulsador_bajar        text8        00DD4
__end_of_input_pulsador_ok           text13       00DAE
__end_of_input_pulsador_subir        text7        00DFA
__end_of_main                        maintext     00E55
__end_of_max7219_brillo              text18       00D88
__end_of_max7219_config              text17       00F53
__end_of_max7219_points              text24       0078B
__end_of_max7219_writeChar           text22       01000
__end_of_myISR                       intentry     00038
__end_of_oscillator_config           text16       00D4B
__end_of_output_config               text15       00D42
__end_of_output_relay                text21       00D3B
__end_of_proceso_detenido            text11       00692
__end_of_proceso_run                 text9        0043B
__end_of_proceso_subir_bajar_tiempo  text6        0071F
__end_of_timer_0_config              text5        00D58
__end_of_timer_0_disable             text10       00D28
__end_of_timer_0_enable              text12       00D22
__end_of_update_eeprom               text1        00288
__initialization                     cinit        0003A
__pbssBANK0                          bssBANK0     00020
__pcstackBANK0                       cstackBANK0  00056
__pcstackCOMMON                      cstackCOMMON 00070
__pdataBANK0                         dataBANK0    00040
__pidataBANK0                        idataBANK0   007EA
__pintentry                          intentry     00004
__pmaintext                          maintext     00E24
__ptext1                             text1        00052
__ptext10                            text10       00D22
__ptext11                            text11       0059F
__ptext12                            text12       00D1C
__ptext13                            text13       00D88
__ptext14                            text14       00DFA
__ptext15                            text15       00D3B
__ptext16                            text16       00D42
__ptext17                            text17       00F08
__ptext18                            text18       00D6D
__ptext19                            text19       00D16
__ptext2                             text2        00D58
__ptext20                            text20       0043B
__ptext21                            text21       00D34
__ptext22                            text22       00FA6
__ptext23                            text23       00EC6
__ptext24                            text24       0071F
__ptext25                            text25       00F53
__ptext26                            text26       0078B
__ptext3                             text3        00E55
__ptext4                             text4        00E89
__ptext5                             text5        00D4B
__ptext6                             text6        00692
__ptext7                             text7        00DD4
__ptext8                             text8        00DAE
__ptext9                             text9        00288
__size_of___awdiv                    (abs)        00000
__size_of___awmod                    (abs)        00000
__size_of___lwdiv                    (abs)        00000
__size_of___lwmod                    (abs)        00000
__size_of___max7219_write            (abs)        00000
__size_of_display_init               (abs)        00000
__size_of_eeprom_read                (abs)        00000
__size_of_eeprom_write               (abs)        00000
__size_of_input_config               (abs)        00000
__size_of_input_pulsador_bajar       (abs)        00000
__size_of_input_pulsador_ok          (abs)        00000
__size_of_input_pulsador_subir       (abs)        00000
__size_of_main                       (abs)        00000
__size_of_max7219_brillo             (abs)        00000
__size_of_max7219_config             (abs)        00000
__size_of_max7219_points             (abs)        00000
__size_of_max7219_writeChar          (abs)        00000
__size_of_myISR                      (abs)        00000
__size_of_oscillator_config          (abs)        00000
__size_of_output_config              (abs)        00000
__size_of_output_relay               (abs)        00000
__size_of_proceso_detenido           (abs)        00000
__size_of_proceso_run                (abs)        00000
__size_of_proceso_subir_bajar_tiempo (abs)        00000
__size_of_timer_0_config             (abs)        00000
__size_of_timer_0_disable            (abs)        00000
__size_of_timer_0_enable             (abs)        00000
__size_of_update_eeprom              (abs)        00000
_display_init                        text20       0043B
_eeprom_read                         text2        00D58
_eeprom_write                        text14       00DFA
_encendido                           bssBANK0     00026
_flag_segundos                       bssBANK0     0002A
_input_config                        text19       00D16
_input_pulsador_bajar                text8        00DAE
_input_pulsador_ok                   text13       00D88
_input_pulsador_subir                text7        00DD4
_k                                   bssBANK0     00020
_last_minutos_temp                   bssBANK0     00030
_last_segundos_temp                  bssBANK0     0002E
_main                                maintext     00E24
_max7219_brillo                      text18       00D6D
_max7219_config                      text17       00F08
_max7219_points                      text24       0071F
_max7219_writeChar                   text22       00FA6
_minutos_set                         bssBANK0     00038
_minutos_temp                        bssBANK0     00034
_myISR                               intentry     00004
_oscillator_config                   text16       00D42
_output_config                       text15       00D3B
_output_relay                        text21       00D34
_proceso                             bssBANK0     0002C
_proceso_detenido                    text11       0059F
_proceso_run                         text9        00288
_proceso_subir_bajar_tiempo          text6        00692
_segundos_set                        bssBANK0     00036
_segundos_temp                       bssBANK0     00032
_timer_0_config                      text5        00D4B
_timer_0_disable                     text10       00D22
_timer_0_enable                      text12       00D1C
_update_eeprom                       text1        00052
_update_eeprom$1106                  cstackBANK0  00067
_update_eeprom$1107                  cstackBANK0  00061
_veces_uso                           bssBANK0     00028
btemp                                (abs)        0007E
clear_ram0                           clrtext      00D28
display_init@i                       cstackBANK0  00060
display_init@j                       cstackBANK0  00062
eeprom_read@addr                     cstackCOMMON 00074
eeprom_write@addr                    cstackCOMMON 00074
eeprom_write@value                   cstackCOMMON 00071
end_of_initialization                cinit        0004E
init_ram                             inittext     00D2E
input_pulsador_bajar@contador        bssBANK0     0003C
input_pulsador_ok@contador           bssBANK0     0003A
input_pulsador_subir@contador        bssBANK0     0003E
int$flags                            (abs)        0007E
intlevel0                            functab      00000
intlevel1                            functab      00000
intlevel2                            functab      00000
intlevel3                            functab      00000
intlevel4                            functab      00000
intlevel5                            functab      00000
max7219_brillo@data                  cstackBANK0  00056
max7219_points@i                     cstackCOMMON 00076
max7219_points@nivel                 cstackCOMMON 00073
max7219_points@points                cstackCOMMON 00071
max7219_writeChar@data               cstackBANK0  0005B
max7219_writeChar@pos                cstackBANK0  00059
myISR@f                              bssBANK0     00024
output_relay@d                       cstackCOMMON 00071
reset_vec                            reset_vec    00000
start                                init         00038
start_initialization                 cinit        0003A
update_eeprom@var1                   cstackBANK0  00063
update_eeprom@var2                   cstackBANK0  00065
wtemp0                               (abs)        0007E


FUNCTION INFORMATION:

 *************** function _main *****************
 Defined at:
		line 36 in file "main.c"
 Parameters:    Size  Location     Type
		None
 Auto vars:     Size  Location     Type
		None
 Return value:  Size  Location     Type
                  1    wreg      void 
 Registers used:
		wreg, fsr1l, fsr1h, status,2, status,0, pclath, cstack
 Tracked objects:
		On entry : 
		On exit  : 
		Unchanged: 
 Data sizes:     COMMON   BANK0   BANK1   BANK2
      Params:         0       0       0       0
      Locals:         0       0       0       0
      Temps:          0       0       0       0
      Totals:         0       0       0       0
Total ram usage:        0 bytes
 Hardware stack levels required when called:    4
 This function calls:
		_display_init
		_input_config
		_max7219_brillo
		_max7219_config
		_oscillator_config
		_output_config
		_proceso_detenido
		_proceso_run
		_proceso_subir_bajar_tiempo
		_timer_0_config
		_update_eeprom
 This function is called by:
		Startup code after reset
 This function uses a non-reentrant model


 *************** function _update_eeprom *****************
 Defined at:
		line 115 in file "main.c"
 Parameters:    Size  Location     Type
		None
 Auto vars:     Size  Location     Type
  var2            2   15[BANK0 ] int 
  var1            2   13[BANK0 ] int 
 Return value:  Size  Location     Type
                  1    wreg      void 
 Registers used:
		wreg, fsr1l, fsr1h, status,2, status,0, pclath, cstack
 Tracked objects:
		On entry : 
		On exit  : 
		Unchanged: 
 Data sizes:     COMMON   BANK0   BANK1   BANK2
      Params:         0       0       0       0
      Locals:         0       8       0       0
      Temps:          0       2       0       0
      Totals:         0      10       0       0
Total ram usage:       10 bytes
 Hardware stack levels used:    1
 Hardware stack levels required when called:    3
 This function calls:
		___lwdiv
		___lwmod
		_eeprom_read
		_eeprom_write
		_max7219_writeChar
 This function is called by:
		_main
 This function uses a non-reentrant model


 *************** function _eeprom_read *****************
 Defined at:
		line 6 in file "C:\Program Files (x86)\Microchip\xc8\v2.10\pic\sources\c99\pic\__eeread.c"
 Parameters:    Size  Location     Type
  addr            1    wreg     unsigned char 
 Auto vars:     Size  Location     Type
  addr            1    4[COMMON] unsigned char 
 Return value:  Size  Location     Type
                  1    wreg      unsigned char 
 Registers used:
		wreg, status,2, status,0
 Tracked objects:
		On entry : 
		On exit  : 
		Unchanged: 
 Data sizes:     COMMON   BANK0   BANK1   BANK2
      Params:         0       0       0       0
      Locals:         1       0       0       0
      Temps:          3       0       0       0
      Totals:         4       0       0       0
Total ram usage:        4 bytes
 Hardware stack levels used:    1
 Hardware stack levels required when called:    1
 This function calls:
		Nothing
 This function is called by:
		_update_eeprom
 This function uses a non-reentrant model


 *************** function ___lwmod *****************
 Defined at:
		line 5 in file "C:\Program Files (x86)\Microchip\xc8\v2.10\pic\sources\c99\common\lwmod.c"
 Parameters:    Size  Location     Type
  divisor         2    1[COMMON] unsigned int 
  dividend        2    3[COMMON] unsigned int 
 Auto vars:     Size  Location     Type
  counter         1    6[COMMON] unsigned char 
 Return value:  Size  Location     Type
                  2    1[COMMON] unsigned int 
 Registers used:
		wreg, status,2, status,0
 Tracked objects:
		On entry : 
		On exit  : 
		Unchanged: 
 Data sizes:     COMMON   BANK0   BANK1   BANK2
      Params:         4       0       0       0
      Locals:         1       0       0       0
      Temps:          1       0       0       0
      Totals:         6       0       0       0
Total ram usage:        6 bytes
 Hardware stack levels used:    1
 Hardware stack levels required when called:    1
 This function calls:
		Nothing
 This function is called by:
		_update_eeprom
 This function uses a non-reentrant model


 *************** function ___lwdiv *****************
 Defined at:
		line 5 in file "C:\Program Files (x86)\Microchip\xc8\v2.10\pic\sources\c99\common\lwdiv.c"
 Parameters:    Size  Location     Type
  divisor         2    7[COMMON] unsigned int 
  dividend        2    9[COMMON] unsigned int 
 Auto vars:     Size  Location     Type
  quotient        2    0[BANK0 ] unsigned int 
  counter         1    2[BANK0 ] unsigned char 
 Return value:  Size  Location     Type
                  2    7[COMMON] unsigned int 
 Registers used:
		wreg, status,2, status,0
 Tracked objects:
		On entry : 
		On exit  : 
		Unchanged: 
 Data sizes:     COMMON   BANK0   BANK1   BANK2
      Params:         4       0       0       0
      Locals:         0       3       0       0
      Temps:          1       0       0       0
      Totals:         5       3       0       0
Total ram usage:        8 bytes
 Hardware stack levels used:    1
 Hardware stack levels required when called:    1
 This function calls:
		Nothing
 This function is called by:
		_update_eeprom
 This function uses a non-reentrant model


 *************** function _timer_0_config *****************
 Defined at:
		line 65 in file "main.c"
 Parameters:    Size  Location     Type
		None
 Auto vars:     Size  Location     Type
		None
 Return value:  Size  Location     Type
                  1    wreg      void 
 Registers used:
		wreg, status,2, status,0
 Tracked objects:
		On entry : 
		On exit  : 
		Unchanged: 
 Data sizes:     COMMON   BANK0   BANK1   BANK2
      Params:         0       0       0       0
      Locals:         0       0       0       0
      Temps:          0       0       0       0
      Totals:         0       0       0       0
Total ram usage:        0 bytes
 Hardware stack levels used:    1
 Hardware stack levels required when called:    1
 This function calls:
		Nothing
 This function is called by:
		_main
 This function uses a non-reentrant model


 *************** function _proceso_subir_bajar_tiempo *****************
 Defined at:
		line 167 in file "main.c"
 Parameters:    Size  Location     Type
		None
 Auto vars:     Size  Location     Type
		None
 Return value:  Size  Location     Type
                  1    wreg      void 
 Registers used:
		wreg, fsr1l, fsr1h, status,2, status,0, pclath, cstack
 Tracked objects:
		On entry : 
		On exit  : 
		Unchanged: 
 Data sizes:     COMMON   BANK0   BANK1   BANK2
      Params:         0       0       0       0
      Locals:         0       0       0       0
      Temps:          0       0       0       0
      Totals:         0       0       0       0
Total ram usage:        0 bytes
 Hardware stack levels used:    1
 Hardware stack levels required when called:    3
 This function calls:
		___awdiv
		___awmod
		_input_pulsador_bajar
		_input_pulsador_subir
		_max7219_writeChar
 This function is called by:
		_main
 This function uses a non-reentrant model


 *************** function _input_pulsador_subir *****************
 Defined at:
		line 27 in file "./input.h"
 Parameters:    Size  Location     Type
		None
 Auto vars:     Size  Location     Type
		None
 Return value:  Size  Location     Type
                  2    1[COMMON] unsigned int 
 Registers used:
		wreg, status,2
 Tracked objects:
		On entry : 
		On exit  : 
		Unchanged: 
 Data sizes:     COMMON   BANK0   BANK1   BANK2
      Params:         2       0       0       0
      Locals:         0       0       0       0
      Temps:          1       0       0       0
      Totals:         3       0       0       0
Total ram usage:        3 bytes
 Hardware stack levels used:    1
 Hardware stack levels required when called:    1
 This function calls:
		Nothing
 This function is called by:
		_proceso_subir_bajar_tiempo
 This function uses a non-reentrant model


 *************** function _input_pulsador_bajar *****************
 Defined at:
		line 41 in file "./input.h"
 Parameters:    Size  Location     Type
		None
 Auto vars:     Size  Location     Type
		None
 Return value:  Size  Location     Type
                  2    1[COMMON] unsigned int 
 Registers used:
		wreg, status,2
 Tracked objects:
		On entry : 
		On exit  : 
		Unchanged: 
 Data sizes:     COMMON   BANK0   BANK1   BANK2
      Params:         2       0       0       0
      Locals:         0       0       0       0
      Temps:          1       0       0       0
      Totals:         3       0       0       0
Total ram usage:        3 bytes
 Hardware stack levels used:    1
 Hardware stack levels required when called:    1
 This function calls:
		Nothing
 This function is called by:
		_proceso_subir_bajar_tiempo
 This function uses a non-reentrant model


 *************** function _proceso_run *****************
 Defined at:
		line 185 in file "main.c"
 Parameters:    Size  Location     Type
		None
 Auto vars:     Size  Location     Type
		None
 Return value:  Size  Location     Type
                  1    wreg      void 
 Registers used:
		wreg, fsr1l, fsr1h, status,2, status,0, pclath, cstack
 Tracked objects:
		On entry : 
		On exit  : 
		Unchanged: 
 Data sizes:     COMMON   BANK0   BANK1   BANK2
      Params:         0       0       0       0
      Locals:         0       0       0       0
      Temps:          0       0       0       0
      Totals:         0       0       0       0
Total ram usage:        0 bytes
 Hardware stack levels used:    1
 Hardware stack levels required when called:    3
 This function calls:
		___awdiv
		___awmod
		_max7219_points
		_max7219_writeChar
		_output_relay
		_timer_0_disable
 This function is called by:
		_main
 This function uses a non-reentrant model


 *************** function _timer_0_disable *****************
 Defined at:
		line 85 in file "main.c"
 Parameters:    Size  Location     Type
		None
 Auto vars:     Size  Location     Type
		None
 Return value:  Size  Location     Type
                  1    wreg      void 
 Registers used:
		status,2
 Tracked objects:
		On entry : 
		On exit  : 
		Unchanged: 
 Data sizes:     COMMON   BANK0   BANK1   BANK2
      Params:         0       0       0       0
      Locals:         0       0       0       0
      Temps:          0       0       0       0
      Totals:         0       0       0       0
Total ram usage:        0 bytes
 Hardware stack levels used:    1
 Hardware stack levels required when called:    1
 This function calls:
		Nothing
 This function is called by:
		_proceso_run
 This function uses a non-reentrant model


 *************** function _proceso_detenido *****************
 Defined at:
		line 224 in file "main.c"
 Parameters:    Size  Location     Type
		None
 Auto vars:     Size  Location     Type
		None
 Return value:  Size  Location     Type
                  1    wreg      void 
 Registers used:
		wreg, fsr1l, fsr1h, status,2, status,0, pclath, cstack
 Tracked objects:
		On entry : 
		On exit  : 
		Unchanged: 
 Data sizes:     COMMON   BANK0   BANK1   BANK2
      Params:         0       0       0       0
      Locals:         0       0       0       0
      Temps:          0       1       0       0
      Totals:         0       1       0       0
Total ram usage:        1 bytes
 Hardware stack levels used:    1
 Hardware stack levels required when called:    3
 This function calls:
		___awdiv
		___awmod
		_eeprom_write
		_input_pulsador_ok
		_max7219_points
		_max7219_writeChar
		_output_relay
		_timer_0_enable
 This function is called by:
		_main
 This function uses a non-reentrant model


 *************** function _timer_0_enable *****************
 Defined at:
		line 78 in file "main.c"
 Parameters:    Size  Location     Type
		None
 Auto vars:     Size  Location     Type
		None
 Return value:  Size  Location     Type
                  1    wreg      void 
 Registers used:
		status,2
 Tracked objects:
		On entry : 
		On exit  : 
		Unchanged: 
 Data sizes:     COMMON   BANK0   BANK1   BANK2
      Params:         0       0       0       0
      Locals:         0       0       0       0
      Temps:          0       0       0       0
      Totals:         0       0       0       0
Total ram usage:        0 bytes
 Hardware stack levels used:    1
 Hardware stack levels required when called:    1
 This function calls:
		Nothing
 This function is called by:
		_proceso_detenido
 This function uses a non-reentrant model


 *************** function _input_pulsador_ok *****************
 Defined at:
		line 55 in file "./input.h"
 Parameters:    Size  Location     Type
		None
 Auto vars:     Size  Location     Type
		None
 Return value:  Size  Location     Type
                  2    1[COMMON] unsigned int 
 Registers used:
		wreg, status,2
 Tracked objects:
		On entry : 
		On exit  : 
		Unchanged: 
 Data sizes:     COMMON   BANK0   BANK1   BANK2
      Params:         2       0       0       0
      Locals:         0       0       0       0
      Temps:          1       0       0       0
      Totals:         3       0       0       0
Total ram usage:        3 bytes
 Hardware stack levels used:    1
 Hardware stack levels required when called:    1
 This function calls:
		Nothing
 This function is called by:
		_proceso_detenido
 This function uses a non-reentrant model


 *************** function _eeprom_write *****************
 Defined at:
		line 6 in file "C:\Program Files (x86)\Microchip\xc8\v2.10\pic\sources\c99\pic\__eewrite.c"
 Parameters:    Size  Location     Type
  addr            1    wreg     unsigned char 
  value           1    1[COMMON] unsigned char 
 Auto vars:     Size  Location     Type
  addr            1    4[COMMON] unsigned char 
 Return value:  Size  Location     Type
                  1    wreg      void 
 Registers used:
		wreg, status,2, status,0
 Tracked objects:
		On entry : 
		On exit  : 
		Unchanged: 
 Data sizes:     COMMON   BANK0   BANK1   BANK2
      Params:         1       0       0       0
      Locals:         1       0       0       0
      Temps:          2       0       0       0
      Totals:         4       0       0       0
Total ram usage:        4 bytes
 Hardware stack levels used:    1
 Hardware stack levels required when called:    1
 This function calls:
		Nothing
 This function is called by:
		_update_eeprom
		_proceso_detenido
 This function uses a non-reentrant model


 *************** function _output_config *****************
 Defined at:
		line 16 in file "./output.h"
 Parameters:    Size  Location     Type
		None
 Auto vars:     Size  Location     Type
		None
 Return value:  Size  Location     Type
                  1    wreg      void 
 Registers used:
		None
 Tracked objects:
		On entry : 
		On exit  : 
		Unchanged: 
 Data sizes:     COMMON   BANK0   BANK1   BANK2
      Params:         0       0       0       0
      Locals:         0       0       0       0
      Temps:          0       0       0       0
      Totals:         0       0       0       0
Total ram usage:        0 bytes
 Hardware stack levels used:    1
 Hardware stack levels required when called:    1
 This function calls:
		Nothing
 This function is called by:
		_main
 This function uses a non-reentrant model


 *************** function _oscillator_config *****************
 Defined at:
		line 59 in file "main.c"
 Parameters:    Size  Location     Type
		None
 Auto vars:     Size  Location     Type
		None
 Return value:  Size  Location     Type
                  1    wreg      void 
 Registers used:
		wreg, status,2, status,0
 Tracked objects:
		On entry : 
		On exit  : 
		Unchanged: 
 Data sizes:     COMMON   BANK0   BANK1   BANK2
      Params:         0       0       0       0
      Locals:         0       0       0       0
      Temps:          0       0       0       0
      Totals:         0       0       0       0
Total ram usage:        0 bytes
 Hardware stack levels used:    1
 Hardware stack levels required when called:    1
 This function calls:
		Nothing
 This function is called by:
		_main
 This function uses a non-reentrant model


 *************** function _max7219_config *****************
 Defined at:
		line 90 in file "./max7219.h"
 Parameters:    Size  Location     Type
		None
 Auto vars:     Size  Location     Type
		None
 Return value:  Size  Location     Type
                  1    wreg      void 
 Registers used:
		wreg, status,2, status,0, pclath, cstack
 Tracked objects:
		On entry : 
		On exit  : 
		Unchanged: 
 Data sizes:     COMMON   BANK0   BANK1   BANK2
      Params:         0       0       0       0
      Locals:         0       0       0       0
      Temps:          0       0       0       0
      Totals:         0       0       0       0
Total ram usage:        0 bytes
 Hardware stack levels used:    1
 Hardware stack levels required when called:    2
 This function calls:
		___max7219_write
 This function is called by:
		_main
 This function uses a non-reentrant model


 *************** function _max7219_brillo *****************
 Defined at:
		line 122 in file "./max7219.h"
 Parameters:    Size  Location     Type
  data            2    0[BANK0 ] unsigned int 
 Auto vars:     Size  Location     Type
		None
 Return value:  Size  Location     Type
                  1    wreg      void 
 Registers used:
		wreg, status,2, status,0, pclath, cstack
 Tracked objects:
		On entry : 
		On exit  : 
		Unchanged: 
 Data sizes:     COMMON   BANK0   BANK1   BANK2
      Params:         0       2       0       0
      Locals:         0       0       0       0
      Temps:          0       0       0       0
      Totals:         0       2       0       0
Total ram usage:        2 bytes
 Hardware stack levels used:    1
 Hardware stack levels required when called:    2
 This function calls:
		___max7219_write
 This function is called by:
		_main
 This function uses a non-reentrant model


 *************** function _input_config *****************
 Defined at:
		line 20 in file "./input.h"
 Parameters:    Size  Location     Type
		None
 Auto vars:     Size  Location     Type
		None
 Return value:  Size  Location     Type
                  1    wreg      void 
 Registers used:
		None
 Tracked objects:
		On entry : 
		On exit  : 
		Unchanged: 
 Data sizes:     COMMON   BANK0   BANK1   BANK2
      Params:         0       0       0       0
      Locals:         0       0       0       0
      Temps:          0       0       0       0
      Totals:         0       0       0       0
Total ram usage:        0 bytes
 Hardware stack levels used:    1
 Hardware stack levels required when called:    1
 This function calls:
		Nothing
 This function is called by:
		_main
 This function uses a non-reentrant model


 *************** function _display_init *****************
 Defined at:
		line 92 in file "main.c"
 Parameters:    Size  Location     Type
		None
 Auto vars:     Size  Location     Type
  j               2   12[BANK0 ] int 
  i               2   10[BANK0 ] int 
 Return value:  Size  Location     Type
                  1    wreg      void 
 Registers used:
		wreg, fsr1l, fsr1h, status,2, status,0, pclath, cstack
 Tracked objects:
		On entry : 
		On exit  : 
		Unchanged: 
 Data sizes:     COMMON   BANK0   BANK1   BANK2
      Params:         0       0       0       0
      Locals:         0       4       0       0
      Temps:          0       1       0       0
      Totals:         0       5       0       0
Total ram usage:        5 bytes
 Hardware stack levels used:    1
 Hardware stack levels required when called:    3
 This function calls:
		___awdiv
		___awmod
		_max7219_points
		_max7219_writeChar
		_output_relay
 This function is called by:
		_main
 This function uses a non-reentrant model


 *************** function _output_relay *****************
 Defined at:
		line 27 in file "./output.h"
 Parameters:    Size  Location     Type
  d               2    1[COMMON] int 
 Auto vars:     Size  Location     Type
		None
 Return value:  Size  Location     Type
                  1    wreg      void 
 Registers used:
		wreg, status,0
 Tracked objects:
		On entry : 
		On exit  : 
		Unchanged: 
 Data sizes:     COMMON   BANK0   BANK1   BANK2
      Params:         2       0       0       0
      Locals:         0       0       0       0
      Temps:          0       0       0       0
      Totals:         2       0       0       0
Total ram usage:        2 bytes
 Hardware stack levels used:    1
 Hardware stack levels required when called:    1
 This function calls:
		Nothing
 This function is called by:
		_display_init
		_proceso_run
		_proceso_detenido
 This function uses a non-reentrant model


 *************** function _max7219_writeChar *****************
 Defined at:
		line 112 in file "./max7219.h"
 Parameters:    Size  Location     Type
  pos             2    3[BANK0 ] unsigned int 
  data            2    5[BANK0 ] unsigned int 
 Auto vars:     Size  Location     Type
		None
 Return value:  Size  Location     Type
                  1    wreg      void 
 Registers used:
		wreg, fsr1l, fsr1h, status,2, status,0, pclath, cstack
 Tracked objects:
		On entry : 
		On exit  : 
		Unchanged: 
 Data sizes:     COMMON   BANK0   BANK1   BANK2
      Params:         0       4       0       0
      Locals:         0       0       0       0
      Temps:          0       2       0       0
      Totals:         0       6       0       0
Total ram usage:        6 bytes
 Hardware stack levels used:    1
 Hardware stack levels required when called:    2
 This function calls:
		___max7219_write
 This function is called by:
		_display_init
		_update_eeprom
		_proceso_subir_bajar_tiempo
		_proceso_run
		_proceso_detenido
 This function uses a non-reentrant model


 *************** function ___max7219_write *****************
 Defined at:
		line 70 in file "./max7219.h"
 Parameters:    Size  Location     Type
  address         2    1[COMMON] unsigned int 
  data            2    3[COMMON] unsigned int 
 Auto vars:     Size  Location     Type
  i               2   11[COMMON] unsigned int 
  dataSend        2    9[COMMON] unsigned int 
  j               2    0        unsigned int 
 Return value:  Size  Location     Type
                  1    wreg      void 
 Registers used:
		wreg, status,2, status,0
 Tracked objects:
		On entry : 
		On exit  : 
		Unchanged: 
 Data sizes:     COMMON   BANK0   BANK1   BANK2
      Params:         4       0       0       0
      Locals:         4       0       0       0
      Temps:          4       0       0       0
      Totals:        12       0       0       0
Total ram usage:       12 bytes
 Hardware stack levels used:    1
 Hardware stack levels required when called:    1
 This function calls:
		Nothing
 This function is called by:
		_max7219_config
		_max7219_writeChar
		_max7219_brillo
 This function uses a non-reentrant model


 *************** function _max7219_points *****************
 Defined at:
		line 130 in file "./max7219.h"
 Parameters:    Size  Location     Type
  points          2    1[COMMON] unsigned int 
  nivel           2    3[COMMON] unsigned int 
 Auto vars:     Size  Location     Type
  i               2    6[COMMON] unsigned int 
 Return value:  Size  Location     Type
                  1    wreg      void 
 Registers used:
		wreg, fsr1l, fsr1h, status,2, status,0
 Tracked objects:
		On entry : 
		On exit  : 
		Unchanged: 
 Data sizes:     COMMON   BANK0   BANK1   BANK2
      Params:         4       0       0       0
      Locals:         2       0       0       0
      Temps:          1       0       0       0
      Totals:         7       0       0       0
Total ram usage:        7 bytes
 Hardware stack levels used:    1
 Hardware stack levels required when called:    1
 This function calls:
		Nothing
 This function is called by:
		_display_init
		_proceso_run
		_proceso_detenido
 This function uses a non-reentrant model


 *************** function ___awmod *****************
 Defined at:
		line 5 in file "C:\Program Files (x86)\Microchip\xc8\v2.10\pic\sources\c99\common\awmod.c"
 Parameters:    Size  Location     Type
  divisor         2    1[COMMON] int 
  dividend        2    3[COMMON] int 
 Auto vars:     Size  Location     Type
  sign            1    7[COMMON] unsigned char 
  counter         1    6[COMMON] unsigned char 
 Return value:  Size  Location     Type
                  2    1[COMMON] int 
 Registers used:
		wreg, status,2, status,0
 Tracked objects:
		On entry : 
		On exit  : 
		Unchanged: 
 Data sizes:     COMMON   BANK0   BANK1   BANK2
      Params:         4       0       0       0
      Locals:         2       0       0       0
      Temps:          1       0       0       0
      Totals:         7       0       0       0
Total ram usage:        7 bytes
 Hardware stack levels used:    1
 Hardware stack levels required when called:    1
 This function calls:
		Nothing
 This function is called by:
		_display_init
		_proceso_subir_bajar_tiempo
		_proceso_run
		_proceso_detenido
 This function uses a non-reentrant model


 *************** function ___awdiv *****************
 Defined at:
		line 5 in file "C:\Program Files (x86)\Microchip\xc8\v2.10\pic\sources\c99\common\awdiv.c"
 Parameters:    Size  Location     Type
  divisor         2    1[COMMON] int 
  dividend        2    3[COMMON] int 
 Auto vars:     Size  Location     Type
  quotient        2    8[COMMON] int 
  sign            1    7[COMMON] unsigned char 
  counter         1    6[COMMON] unsigned char 
 Return value:  Size  Location     Type
                  2    1[COMMON] int 
 Registers used:
		wreg, status,2, status,0
 Tracked objects:
		On entry : 
		On exit  : 
		Unchanged: 
 Data sizes:     COMMON   BANK0   BANK1   BANK2
      Params:         4       0       0       0
      Locals:         4       0       0       0
      Temps:          1       0       0       0
      Totals:         9       0       0       0
Total ram usage:        9 bytes
 Hardware stack levels used:    1
 Hardware stack levels required when called:    1
 This function calls:
		Nothing
 This function is called by:
		_display_init
		_proceso_subir_bajar_tiempo
		_proceso_run
		_proceso_detenido
 This function uses a non-reentrant model


 *************** function _myISR *****************
 Defined at:
		line 248 in file "main.c"
 Parameters:    Size  Location     Type
		None
 Auto vars:     Size  Location     Type
		None
 Return value:  Size  Location     Type
                  1    wreg      void 
 Registers used:
		wreg, status,2, status,0
 Tracked objects:
		On entry : 
		On exit  : 
		Unchanged: 
 Data sizes:     COMMON   BANK0   BANK1   BANK2
      Params:         0       0       0       0
      Locals:         0       0       0       0
      Temps:          1       0       0       0
      Totals:         1       0       0       0
Total ram usage:        1 bytes
 Hardware stack levels used:    1
 This function calls:
		Nothing
 This function is called by:
		Interrupt level 1
 This function uses a non-reentrant model



MODULE INFORMATION

Module		Function		Class		Link	Load	Size
C:\Program Files (x86)\Microchip\xc8\v2.10\pic\sources\c99\pic\__eeread.c
		_eeprom_read   		CODE           	0D58	0000	22

C:\Program Files (x86)\Microchip\xc8\v2.10\pic\sources\c99\pic\__eeread.c estimated size: 22

C:\Program Files (x86)\Microchip\xc8\v2.10\pic\sources\c99\pic\__eewrite.c
		_eeprom_write  		CODE           	0DFA	0000	43

C:\Program Files (x86)\Microchip\xc8\v2.10\pic\sources\c99\pic\__eewrite.c estimated size: 43

C:\Program Files (x86)\Microchip\xc8\v2.10\pic\sources\c99\common\lwdiv.c
		___lwdiv       		CODE           	0E89	0000	62

C:\Program Files (x86)\Microchip\xc8\v2.10\pic\sources\c99\common\lwdiv.c estimated size: 62

C:\Program Files (x86)\Microchip\xc8\v2.10\pic\sources\c99\common\awdiv.c
		___awdiv       		CODE           	078B	0000	96

C:\Program Files (x86)\Microchip\xc8\v2.10\pic\sources\c99\common\awdiv.c estimated size: 96

./output.h
		_output_relay  		CODE           	0D34	0000	8
		_output_config 		CODE           	0D3B	0000	8

./output.h estimated size: 16

shared
		__initialization		CODE           	003A	0000	21

shared estimated size: 21

./input.h
		_input_config  		CODE           	0D16	0000	7
		_input_pulsador_ok		CODE           	0D88	0000	39
		_input_pulsador_bajar		CODE           	0DAE	0000	39
		_input_pulsador_subir		CODE           	0DD4	0000	39

./input.h estimated size: 124

./max7219.h
		_max7219_writeChar		CODE           	0FA6	0000	91
		_max7219_config		CODE           	0F08	0000	76
		_max7219_brillo		CODE           	0D6D	0000	28
		_max7219_points		CODE           	071F	0000	109
		___max7219_write		CODE           	0EC6	0000	67

./max7219.h estimated size: 371

C:\Program Files (x86)\Microchip\xc8\v2.10\pic\sources\c99\common\lwmod.c
		___lwmod       		CODE           	0E55	0000	53

C:\Program Files (x86)\Microchip\xc8\v2.10\pic\sources\c99\common\lwmod.c estimated size: 53

C:\Program Files (x86)\Microchip\xc8\v2.10\pic\sources\c99\common\awmod.c
		___awmod       		CODE           	0F53	0000	84

C:\Program Files (x86)\Microchip\xc8\v2.10\pic\sources\c99\common\awmod.c estimated size: 84

main.c
		_myISR         		CODE           	0004	0000	53
		_proceso_subir_bajar_tiempo		CODE           	0692	0000	142
		_display_init  		CODE           	043B	0000	357
		_main          		CODE           	0E24	0000	50
		_proceso_run   		CODE           	0288	0000	436
		_proceso_detenido		CODE           	059F	0000	244
		_timer_0_enable		CODE           	0D1C	0000	7
		_timer_0_config		CODE           	0D4B	0000	14
		_update_eeprom 		CODE           	0052	0000	567
		_oscillator_config		CODE           	0D42	0000	10
		_timer_0_disable		CODE           	0D22	0000	7

main.c estimated size: 1887

